[ruvenpelka.com/demos/desmond-resume/dark/index.html]
[backblue.gif]
[fade.gif]
[index.html]
[ruvenpelka.com/demos/desmond-resume/dark/assets/js/jquery.min.js]
[ruvenpelka.com/demos/desmond-resume/dark/assets/js/dense.js]
[ruvenpelka.com/demos/desmond-resume/dark/assets/plugins/nivo-lightbox/nivo-lightbox.min.js]
[ruvenpelka.com/demos/desmond-resume/dark/assets/js/scrollreveal.min.js]
[ruvenpelka.com/demos/desmond-resume/dark/assets/js/main.js]
[ruvenpelka.com/demos/desmond-resume/dark/assets/images/header/avatar.jpg]
[ruvenpelka.com/demos/desmond-resume/dark/assets/images/portfolio/1_full.jpg]
[ruvenpelka.com/demos/desmond-resume/dark/assets/images/portfolio/1_thumb.jpg]
[ruvenpelka.com/demos/desmond-resume/dark/assets/images/portfolio/2_full.jpg]
[ruvenpelka.com/demos/desmond-resume/dark/assets/images/portfolio/2_thumb.jpg]
[ruvenpelka.com/demos/desmond-resume/dark/assets/images/portfolio/3_full.jpg]
[ruvenpelka.com/demos/desmond-resume/dark/assets/images/portfolio/3_thumb.jpg]
[ruvenpelka.com/demos/desmond-resume/dark/assets/images/portfolio/4_full.jpg]
[ruvenpelka.com/demos/desmond-resume/dark/assets/images/portfolio/4_thumb.jpg]
[ruvenpelka.com/demos/desmond-resume/dark/assets/images/portfolio/5_full.jpg]
[ruvenpelka.com/demos/desmond-resume/dark/assets/images/portfolio/5_thumb.jpg]
[ruvenpelka.com/demos/desmond-resume/dark/assets/images/portfolio/6_full.jpg]
[ruvenpelka.com/demos/desmond-resume/dark/assets/images/portfolio/6_thumb.jpg]
[ruvenpelka.com/demos/desmond-resume/dark/assets/images/clients/bbc.png]
[ruvenpelka.com/demos/desmond-resume/dark/assets/images/clients/disney.png]
[ruvenpelka.com/demos/desmond-resume/dark/assets/images/clients/github.png]
[ruvenpelka.com/demos/desmond-resume/dark/assets/images/clients/google.png]
[ruvenpelka.com/demos/desmond-resume/dark/assets/images/clients/html5.png]
[ruvenpelka.com/demos/desmond-resume/dark/assets/images/clients/kickstarter.png]
[ruvenpelka.com/demos/desmond-resume/dark/assets/images/clients/youtube.png]
[ruvenpelka.com/demos/desmond-resume/dark/assets/images/clients/vimeo.png]
[ruvenpelka.com/demos/desmond-resume/dark/index.html]
[ruvenpelka.com/demos/desmond-resume/dark/assets/plugins/font-awesome/css/fontawesome.min.css]
[ruvenpelka.com/demos/desmond-resume/dark/assets/plugins/font-awesome/webfonts/fa-brands-400.eot]
[ruvenpelka.com/demos/desmond-resume/dark/assets/plugins/font-awesome/webfonts/fa-brands-400.woff2]
[ruvenpelka.com/demos/desmond-resume/dark/assets/plugins/font-awesome/webfonts/fa-brands-400d41d.eot]
[ruvenpelka.com/demos/desmond-resume/dark/assets/plugins/font-awesome/webfonts/fa-brands-400.woff]
[ruvenpelka.com/demos/desmond-resume/dark/assets/plugins/font-awesome/webfonts/fa-brands-400.ttf]
[ruvenpelka.com/demos/desmond-resume/dark/assets/plugins/font-awesome/css/brands.min.css]
[ruvenpelka.com/demos/desmond-resume/dark/assets/plugins/nivo-lightbox/nivo-lightbox.css]
[ruvenpelka.com/demos/desmond-resume/dark/assets/plugins/nivo-lightbox/themes/default/loading.gif]
[ruvenpelka.com/demos/desmond-resume/dark/assets/plugins/nivo-lightbox/themes/default/prev.png]
[ruvenpelka.com/demos/desmond-resume/dark/assets/plugins/nivo-lightbox/themes/default/next.png]
[ruvenpelka.com/demos/desmond-resume/dark/assets/plugins/nivo-lightbox/themes/default/close.png]
[ruvenpelka.com/demos/desmond-resume/dark/assets/plugins/nivo-lightbox/themes/default/loading@2x.gif]
[ruvenpelka.com/demos/desmond-resume/dark/assets/plugins/nivo-lightbox/themes/default/prev@2x.png]
[ruvenpelka.com/demos/desmond-resume/dark/assets/plugins/nivo-lightbox/themes/default/next@2x.png]
[ruvenpelka.com/demos/desmond-resume/dark/assets/plugins/nivo-lightbox/themes/default/close@2x.png]
[ruvenpelka.com/demos/desmond-resume/dark/assets/plugins/nivo-lightbox/themes/default/default.css]
[ruvenpelka.com/demos/desmond-resume/dark/assets/css/main.css]
[ruvenpelka.com/demos/desmond-resume/dark/assets/css/themes.dark.css]
[ruvenpelka.com/demos/desmond-resume/dark/assets/plugins/font-awesome/webfonts/fa-brands-400.svg]
